
Hexadecimal

Area                               Addr   Size   Decimal Bytes (Attributes)
--------------------------------   ----   ----   ------- ----- ------------
.  .ABS.                           0000   0000 =      0. bytes (ABS,CON)

      Value  Global
   --------  --------------------------------
     0000    l_BIT_BANK
     0000    l_GSINIT1
     0000    l_GSINIT5
     0000    l_ISEG
     0000    l_OSEG
     0000    l_PSEG
     0000    l_REG_BANK_1
     0000    l_REG_BANK_2
     0000    l_REG_BANK_3
     0000    l_RSEG
     0000    l_XINIT
     0000    l_XISEG
     0000    l__CODE
     0000    s_BSEG
     0000    s_DSEG
     0000    s_HOME
     0000    s_PSEG
     0000    s_REG_BANK_0
     0000    s_XSEG
     0000    s__CODE
     0003    l_BSEG_BYTES
     0003    l_GSFINAL
     0003    l_GSINIT0
     0006    l_HOME
     0006    s_GSINIT0
     0007    l_GSINIT
     0008    l_REG_BANK_0
     0008    s_REG_BANK_1
     0009    s_GSINIT1
     0009    s_GSINIT2
     000A    l_GSINIT2
     0010    s_REG_BANK_2
     0013    l_BSEG
     0013    s_GSINIT3
     0018    s_REG_BANK_3
     0020    s_BSEG_BYTES
     0022    l_GSINIT3
     0023    s_BIT_BANK
     0023    s_OSEG
     0028    s_RSEG
     0028    s_SSEG
     002A    l_GSINIT4
     0035    s_GSINIT4
     005F    s_GSINIT
     005F    s_GSINIT5
     0066    s_GSFINAL
     0069    s_CSEG
     006A    l_XSEG
     006A    s_XISEG
     007C    l_DSEG
     0080    _P0
     0080    _P0_0
     0080    s_ISEG
     0081    _P0_1
     0081    _SP
     0082    _DP0L
     0082    _DPL
     0082    _P0_2
     0083    _DP0H
     0083    _DPH
     0083    _P0_3
     0084    _P0_4
     0085    _P0_5
     0086    _P0_6
     0087    _P0_7
     0087    _PCON
     0088    _IT0
     0088    _TCON
     0089    _IE0
     0089    _TMOD
     008A    _IT1
     008A    _TL0
     008B    _IE1
     008B    _TL1
     008C    _TH0
     008C    _TR0
     008D    _TF0
     008D    _TH1
     008E    _AUXR
     008E    _TR1
     008F    _CKCKON0
     008F    _CKCKON1
     008F    _CKCON0
     008F    _TF1
     0090    _P1
     0090    _P1_0
     0091    _P1_1
     0092    _P1_2
     0093    _P1_3
     0094    _P1_4
     0095    _P1_5
     0096    _P1_6
     0097    _CKRL
     0097    _P1_7
     0098    _RI
     0098    _SCON
     0099    _SBUF
     0099    _SBUF0
     0099    _TI
     009A    _BRL
     009A    _RB8
     009B    _BDRCON
     009B    _TB8
     009C    _KBLS
     009C    _REN
     009D    _KBE
     009D    _SM2
     009E    _KBF
     009E    _SM1
     009F    _SM0
     00A0    _P2
     00A0    _P2_0
     00A0    __XPAGE
     00A1    _P2_1
     00A2    _AUXR1
     00A2    _P2_2
     00A3    _P2_3
     00A4    _P2_4
     00A5    _P2_5
     00A6    _P2_6
     00A6    _WDTRST
     00A7    _P2_7
     00A7    _WDTPRG
     00A8    _EX0
     00A8    _IE
     00A8    _IEN0
     00A9    _ET0
     00A9    _SADDR
     00AA    _EX1
     00AB    _ET1
     00AC    _ES
     00AD    _ET2
     00AE    _EC
     00AF    _EA
     00B0    _P3
     00B0    _P3_0
     00B0    _RXD
     00B0    _RXD0
     00B1    _IEN1
     00B1    _P3_1
     00B1    _TXD
     00B1    _TXD0
     00B2    _INT0
     00B2    _IPL1
     00B2    _P3_2
     00B3    _INT1
     00B3    _IPH1
     00B3    _P3_3
     00B4    _P3_4
     00B4    _T0
     00B5    _P3_5
     00B5    _T1
     00B6    _P3_6
     00B6    _WR
     00B7    _IPH0
     00B7    _P3_7
     00B7    _RD
     00B8    _IP
     00B8    _IPL0
     00B8    _PX0
     00B8    _PX0L
     00B9    _PT0
     00B9    _PT0L
     00B9    _SADEN
     00BA    _PX1
     00BA    _PX1L
     00BB    _PT1
     00BB    _PT1L
     00BC    _PLS
     00BC    _PS
     00BD    _PT2
     00BD    _PT2L
     00BE    _PPCL
     00C0    _P4
     00C0    _P4_0
     00C1    _P4_1
     00C2    _P4_2
     00C3    _P4_3
     00C3    _SPCON
     00C4    _P4_4
     00C4    _SPSTA
     00C5    _P4_5
     00C5    _SPDAT
     00C6    _P4_6
     00C7    _P4_7
     00C8    _CP_RL2
     00C8    _T2CON
     00C8    _T2CON_0
     00C9    _C_T2
     00C9    _T2CON_1
     00C9    _T2MOD
     00CA    _RCAP2L
     00CA    _T2CON_2
     00CA    _TR2
     00CB    _EXEN2
     00CB    _RCAP2H
     00CB    _T2CON_3
     00CC    _T2CON_4
     00CC    _TCLK
     00CC    _TL2
     00CD    _RCLK
     00CD    _T2CON_5
     00CD    _TH2
     00CE    _EXF2
     00CE    _T2CON_6
     00CF    _T2CON_7
     00CF    _TF2
     00D0    _P
     00D0    _PSW
     00D1    _F1
     00D2    _EECON
     00D2    _OV
     00D3    _RS0
     00D4    _RS1
     00D5    _F0
     00D6    _AC
     00D7    _CY
     00D8    _CCF0
     00D8    _CCON
     00D8    _P5
     00D8    _P5_0
     00D8    l_SSEG
     00D9    _CCF1
     00D9    _CMOD
     00D9    _P5_1
     00DA    _CCAPM0
     00DA    _CCF2
     00DA    _P5_2
     00DB    _CCAPM1
     00DB    _CCF3
     00DB    _P5_3
     00DC    _CCAPM2
     00DC    _CCF4
     00DC    _P5_4
     00DD    _CCAPM3
     00DD    _P5_5
     00DE    _CCAPM4
     00DE    _CR
     00DE    _P5_6
     00DF    _CF
     00DF    _P5_7
     00E0    _ACC
     00E9    _CL
     00EA    _CCAP0L
     00EB    _CCAP1L
     00EC    _CCAP2L
     00ED    _CCAP3L
     00EE    _CCAP4L
     00F0    _B
     00F0    _BREG_F0
     00F1    _BREG_F1
     00F2    _BREG_F2
     00F3    _BREG_F3
     00F4    _BREG_F4
     00F5    _BREG_F5
     00F5    _B_5
     00F6    _BREG_F6
     00F6    _B_6
     00F7    _BREG_F7
     00F7    _B_7
     00F9    _CH
     00FA    _CCAP0H
     00FB    _CCAP1H
     00FC    _CCAP2H
     00FD    _CCAP3H
     00FE    _CCAP4H
     0100    l_IRAM
     0369    l_CONST
     1FB0    l_CSEG
     2019    s_CONST
     2382    s_XINIT

Hexadecimal

Area                               Addr   Size   Decimal Bytes (Attributes)
--------------------------------   ----   ----   ------- ----- ------------
_CODE                              0000   0000 =      0. bytes (REL,CON)

Hexadecimal

Area                               Addr   Size   Decimal Bytes (Attributes)
--------------------------------   ----   ----   ------- ----- ------------
REG_BANK_0                         0000   0008 =      8. bytes (REL,OVR)

Hexadecimal

Area                               Addr   Size   Decimal Bytes (Attributes)
--------------------------------   ----   ----   ------- ----- ------------
REG_BANK_1                         0008   0000 =      0. bytes (REL,OVR)

Hexadecimal

Area                               Addr   Size   Decimal Bytes (Attributes)
--------------------------------   ----   ----   ------- ----- ------------
REG_BANK_2                         0010   0000 =      0. bytes (REL,OVR)

Hexadecimal

Area                               Addr   Size   Decimal Bytes (Attributes)
--------------------------------   ----   ----   ------- ----- ------------
REG_BANK_3                         0018   0000 =      0. bytes (REL,OVR)

Hexadecimal

Area                               Addr   Size   Decimal Bits  (Attributes)
--------------------------------   ----   ----   ------- ----- ------------
BSEG                               0000   0013 =     19. bits  (REL,CON,BIT)

Hexadecimal

Area                               Addr   Size   Decimal Bytes (Attributes)
--------------------------------   ----   ----   ------- ----- ------------
BSEG_BYTES                         0020   0003 =      3. bytes (REL,CON)

Hexadecimal

Area                               Addr   Size   Decimal Bytes (Attributes)
--------------------------------   ----   ----   ------- ----- ------------
BIT_BANK                           0023   0000 =      0. bytes (REL,OVR)

Hexadecimal

Area                               Addr   Size   Decimal Bytes (Attributes)
--------------------------------   ----   ----   ------- ----- ------------
DSEG                               0000   007C =    124. bytes (REL,CON)

      Value  Global
   --------  --------------------------------
     0012    _bp

Hexadecimal

Area                               Addr   Size   Decimal Bytes (Attributes)
--------------------------------   ----   ----   ------- ----- ------------
OSEG                               0023   0000 =      0. bytes (REL,OVR)

Hexadecimal

Area                               Addr   Size   Decimal Bytes (Attributes)
--------------------------------   ----   ----   ------- ----- ------------
ISEG                               0080   0000 =      0. bytes (REL,CON)

Hexadecimal

Area                               Addr   Size   Decimal Bytes (Attributes)
--------------------------------   ----   ----   ------- ----- ------------
SSEG                               0028   00D8 =    216. bytes (REL,OVR)

      Value  Global
   --------  --------------------------------
     0028    __start__stack

Hexadecimal

Area                               Addr   Size   Decimal Bytes (Attributes)
--------------------------------   ----   ----   ------- ----- ------------
RSEG                               0028   0000 =      0. bytes (REL,CON)

Hexadecimal

Area                               Addr   Size   Decimal Bytes (Attributes)
--------------------------------   ----   ----   ------- ----- ------------
PSEG                               0000   0000 =      0. bytes (REL,CON,PAG,XDATA)

Hexadecimal

Area                               Addr   Size   Decimal Bytes (Attributes)
--------------------------------   ----   ----   ------- ----- ------------
XSEG                               0000   006A =    106. bytes (REL,CON,XDATA)

      Value  Global
   --------  --------------------------------
  0D:0009    _powf_PARM_2
  0D:0011    __modsint_PARM_2
  0D:0015    __moduint_PARM_2
  0D:001A    __divsint_PARM_2
  0D:001E    __divuint_PARM_2
  0D:0024    _ldexpf_PARM_2
  0D:002E    _frexpf_PARM_2
  0D:0039    _vprintf_PARM_2
  0D:004D    __print_format_PARM_2
  0D:0050    __print_format_PARM_3
  0D:0053    __print_format_PARM_4
  0D:0066    _errno
  0D:0068    __gptrput_PARM_2

Hexadecimal

Area                               Addr   Size   Decimal Bytes (Attributes)
--------------------------------   ----   ----   ------- ----- ------------
XISEG                              006A   0000 =      0. bytes (REL,CON,XDATA)

Hexadecimal

Area                               Addr   Size   Decimal Bytes (Attributes)
--------------------------------   ----   ----   ------- ----- ------------
HOME                               0000   0006 =      6. bytes (REL,CON,CODE)

Hexadecimal

Area                               Addr   Size   Decimal Bytes (Attributes)
--------------------------------   ----   ----   ------- ----- ------------
GSINIT0                            0006   0003 =      3. bytes (REL,CON,CODE)

      Value  Global
   --------  --------------------------------
  0C:0006    __sdcc_gsinit_startup

Hexadecimal

Area                               Addr   Size   Decimal Bytes (Attributes)
--------------------------------   ----   ----   ------- ----- ------------
GSINIT1                            0009   0000 =      0. bytes (REL,CON,CODE)

Hexadecimal

Area                               Addr   Size   Decimal Bytes (Attributes)
--------------------------------   ----   ----   ------- ----- ------------
GSINIT2                            0009   000A =     10. bytes (REL,CON,CODE)

Hexadecimal

Area                               Addr   Size   Decimal Bytes (Attributes)
--------------------------------   ----   ----   ------- ----- ------------
GSINIT3                            0013   0022 =     34. bytes (REL,CON,CODE)

      Value  Global
   --------  --------------------------------
  0C:0013    __mcs51_genXINIT

Hexadecimal

Area                               Addr   Size   Decimal Bytes (Attributes)
--------------------------------   ----   ----   ------- ----- ------------
GSINIT4                            0035   002A =     42. bytes (REL,CON,CODE)

      Value  Global
   --------  --------------------------------
  0C:0035    __mcs51_genRAMCLEAR
  0C:003B    __mcs51_genXRAMCLEAR

Hexadecimal

Area                               Addr   Size   Decimal Bytes (Attributes)
--------------------------------   ----   ----   ------- ----- ------------
GSINIT5                            005F   0000 =      0. bytes (REL,CON,CODE)

Hexadecimal

Area                               Addr   Size   Decimal Bytes (Attributes)
--------------------------------   ----   ----   ------- ----- ------------
GSINIT                             005F   0007 =      7. bytes (REL,CON,CODE)

Hexadecimal

Area                               Addr   Size   Decimal Bytes (Attributes)
--------------------------------   ----   ----   ------- ----- ------------
GSFINAL                            0066   0003 =      3. bytes (REL,CON,CODE)

Hexadecimal

Area                               Addr   Size   Decimal Bytes (Attributes)
--------------------------------   ----   ----   ------- ----- ------------
CSEG                               0069   1FB0 =   8112. bytes (REL,CON,CODE)

      Value  Global
   --------  --------------------------------
  0C:0069    __sdcc_program_startup
  0C:006E    __sdcc_external_startup
  0C:0075    _init
  0C:0087    _main
  0C:0091    _math_func
  0C:0178    _menu
  0C:0220    _int0_isr
  0C:029A    _putstr
  0C:030A    _putchar
  0C:031C    _getchar
  0C:0326    _get_user_digit
  0C:040B    _clear_screen
  0C:0436    ___fsmul
  0C:04D9    _printf_fast_f
  0C:0953    fsgetargs
  0C:0981    fs_rshift_a
  0C:09C4    fs_normalize_a
  0C:09ED    _isdigit
  0C:0A0A    _sqrtf
  0C:0CD1    ___fslt
  0C:0D01    _powf
  0C:0E13    __modsint
  0C:0E81    __moduint
  0C:0F2F    ___fsadd
  0C:0F32    fsadd_direct_entry
  0C:0F88    __divsint
  0C:1000    __divuint
  0C:109B    _ldexpf
  0C:1169    fs_compare_uint32
  0C:1187    fs_check_negative_zeros
  0C:11B2    _frexpf
  0C:128B    fs_round_and_return
  0C:12A3    fs_zerocheck_return
  0C:12AC    fs_return_zero
  0C:12B4    fs_direct_return
  0C:12C2    fs_return_inf
  0C:12CF    fs_return_nan
  0C:12E7    _vprintf
  0C:1326    _printf
  0C:143F    __print_format
  0C:1B72    fs_swap_a_b
  0C:1B8C    _strlen
  0C:1BDF    ___fsdiv
  0C:1CA2    __gptrget
  0C:1CBE    _logf
  0C:1D7F    __fs_cordic_rshift_r765_unsigned
  0C:1DC0    ___fseq
  0C:1DD1    ___fsgt
  0C:1E01    _expf
  0C:1F6D    fs_lshift_a
  0C:1F84    fsgetarg
  0C:1F96    __gptrput
  0C:1FAF    _islower
  0C:1FCC    ___fs2uchar
  0C:1FD4    ___uchar2fs
  0C:1FDF    ___ulong2fs
  0C:1FE8    ulong2fs_doit
  0C:1FF2    ___fs2ulong
  0C:1FF4    fs2ulong_begin

Hexadecimal

Area                               Addr   Size   Decimal Bytes (Attributes)
--------------------------------   ----   ----   ------- ----- ------------
CONST                              2019   0369 =    873. bytes (REL,CON,CODE)

      Value  Global
   --------  --------------------------------
  0C:230A    __fs_natural_log_table

Hexadecimal

Area                               Addr   Size   Decimal Bytes (Attributes)
--------------------------------   ----   ----   ------- ----- ------------
XINIT                              2382   0000 =      0. bytes (REL,CON,CODE)
ASxxxx Linker V01.70 + NoICE + SDCC Feb 1999,  page 1.

Files Linked      [ module(s) ]

obj\Release\main.rel

Libraries Linked            [   object  file   ]

C:\Program Files (x86)\SDCC\bin\..\lib\large/libfloat.lib    [           _fsmul ]
C:\Program Files (x86)\SDCC\bin\..\lib\large/libsdcc.lib    [    printf_fast_f ]
C:\Program Files (x86)\SDCC\bin\..\lib\large/libfloat.lib    [      _fsget2args ]
C:\Program Files (x86)\SDCC\bin\..\lib\large/mcs51.lib    [     crtclear.rel ]
C:\Program Files (x86)\SDCC\bin\..\lib\large/libfloat.lib    [        _fsrshift ]
C:\Program Files (x86)\SDCC\bin\..\lib\large/libfloat.lib    [     _fsnormalize ]
C:\Program Files (x86)\SDCC\bin\..\lib\large/mcs51.lib    [     crtxinit.rel ]
C:\Program Files (x86)\SDCC\bin\..\lib\large/libsdcc.lib    [         _isdigit ]
C:\Program Files (x86)\SDCC\bin\..\lib\large/libfloat.lib    [            sqrtf ]
C:\Program Files (x86)\SDCC\bin\..\lib\large/libfloat.lib    [            _fslt ]
C:\Program Files (x86)\SDCC\bin\..\lib\large/libfloat.lib    [             powf ]
C:\Program Files (x86)\SDCC\bin\..\lib\large/libint.lib    [         _modsint ]
C:\Program Files (x86)\SDCC\bin\..\lib\large/libint.lib    [         _moduint ]
C:\Program Files (x86)\SDCC\bin\..\lib\large/libfloat.lib    [           _fsadd ]
C:\Program Files (x86)\SDCC\bin\..\lib\large/libint.lib    [         _divsint ]
C:\Program Files (x86)\SDCC\bin\..\lib\large/mcs51.lib    [    crtxclear.rel ]
C:\Program Files (x86)\SDCC\bin\..\lib\large/libint.lib    [         _divuint ]
C:\Program Files (x86)\SDCC\bin\..\lib\large/libfloat.lib    [           ldexpf ]
C:\Program Files (x86)\SDCC\bin\..\lib\large/libfloat.lib    [           _fscmp ]
C:\Program Files (x86)\SDCC\bin\..\lib\large/libfloat.lib    [           frexpf ]
C:\Program Files (x86)\SDCC\bin\..\lib\large/libsdcc.lib    [              _bp ]
C:\Program Files (x86)\SDCC\bin\..\lib\large/libfloat.lib    [     _fsreturnval ]
C:\Program Files (x86)\SDCC\bin\..\lib\large/libsdcc.lib    [          vprintf ]
C:\Program Files (x86)\SDCC\bin\..\lib\large/libsdcc.lib    [     printf_large ]
C:\Program Files (x86)\SDCC\bin\..\lib\large/mcs51.lib    [   crtpagesfr.rel ]
C:\Program Files (x86)\SDCC\bin\..\lib\large/libfloat.lib    [      _fsswapargs ]
C:\Program Files (x86)\SDCC\bin\..\lib\large/libsdcc.lib    [          _strlen ]
C:\Program Files (x86)\SDCC\bin\..\lib\large/libfloat.lib    [           _fsdiv ]
C:\Program Files (x86)\SDCC\bin\..\lib\large/mcs51.lib    [     crtstart.rel ]
C:\Program Files (x86)\SDCC\bin\..\lib\large/libsdcc.lib    [         _gptrget ]
C:\Program Files (x86)\SDCC\bin\..\lib\large/libfloat.lib    [            errno ]
C:\Program Files (x86)\SDCC\bin\..\lib\large/libfloat.lib    [             logf ]
C:\Program Files (x86)\SDCC\bin\..\lib\large/libfloat.lib    [         _logexpf ]
C:\Program Files (x86)\SDCC\bin\..\lib\large/libfloat.lib    [            _fseq ]
C:\Program Files (x86)\SDCC\bin\..\lib\large/libfloat.lib    [            _fsgt ]
C:\Program Files (x86)\SDCC\bin\..\lib\large/libfloat.lib    [             expf ]
C:\Program Files (x86)\SDCC\bin\..\lib\large/libfloat.lib    [       _fsget1arg ]
C:\Program Files (x86)\SDCC\bin\..\lib\large/libsdcc.lib    [         _gptrput ]
C:\Program Files (x86)\SDCC\bin\..\lib\large/libsdcc.lib    [         _islower ]
C:\Program Files (x86)\SDCC\bin\..\lib\large/libfloat.lib    [        _fs2uchar ]
C:\Program Files (x86)\SDCC\bin\..\lib\large/libfloat.lib    [        _uchar2fs ]
C:\Program Files (x86)\SDCC\bin\..\lib\large/libfloat.lib    [        _ulong2fs ]
C:\Program Files (x86)\SDCC\bin\..\lib\large/libfloat.lib    [        _fs2ulong ]

ASxxxx Linker V01.70 + NoICE + SDCC Feb 1999,  page 2.

User Base Address Definitions

HOME = 0x0000
ISEG = 0x0080
BSEG = 0x0000

